[
  {
    "sha": "4aaba34cb86b12f3a749dd6ddbf185de88de6527",
    "range": {
      "start": 6,
      "end": 8
    },
    "original_line_number": 4,
    "author": "Thorsten Ball",
    "author_mail": "<mrnugget@gmail.com>",
    "author_time": 1710764113,
    "author_tz": "+0100",
    "committer": "Thorsten Ball",
    "committer_mail": "<mrnugget@gmail.com>",
    "committer_time": 1710764113,
    "committer_tz": "+0100",
    "summary": "Another commit",
    "previous": "b2f6b0d982a9e7654bbb6d979c9ccb00b1d2e913 file_b.txt",
    "filename": "file_b.txt"
  },
  {
    "sha": "4aaba34cb86b12f3a749dd6ddbf185de88de6527",
    "range": {
      "start": 16,
      "end": 18
    },
    "original_line_number": 11,
    "author": "Thorsten Ball",
    "author_mail": "<mrnugget@gmail.com>",
    "author_time": 1710764113,
    "author_tz": "+0100",
    "committer": "Thorsten Ball",
    "committer_mail": "<mrnugget@gmail.com>",
    "committer_time": 1710764113,
    "committer_tz": "+0100",
    "summary": "Another commit",
    "previous": "b2f6b0d982a9e7654bbb6d979c9ccb00b1d2e913 file_b.txt",
    "filename": "file_b.txt"
  },
  {
    "sha": "b2f6b0d982a9e7654bbb6d979c9ccb00b1d2e913",
    "range": {
      "start": 8,
      "end": 9
    },
    "original_line_number": 6,
    "author": "Thorsten Ball",
    "author_mail": "<mrnugget@gmail.com>",
    "author_time": 1710764087,
    "author_tz": "+0100",
    "committer": "Thorsten Ball",
    "committer_mail": "<mrnugget@gmail.com>",
    "committer_time": 1710764087,
    "committer_tz": "+0100",
    "summary": "Another commit",
    "previous": "7aef8a9a211ebc86824769c89f48e4f64aa6183f file_b.txt",
    "filename": "file_b.txt"
  },
  {
    "sha": "b2f6b0d982a9e7654bbb6d979c9ccb00b1d2e913",
    "range": {
      "start": 10,
      "end": 12
    },
    "original_line_number": 7,
    "author": "Thorsten Ball",
    "author_mail": "<mrnugget@gmail.com>",
    "author_time": 1710764087,
    "author_tz": "+0100",
    "committer": "Thorsten Ball",
    "committer_mail": "<mrnugget@gmail.com>",
    "committer_time": 1710764087,
    "committer_tz": "+0100",
    "summary": "Another commit",
    "previous": "7aef8a9a211ebc86824769c89f48e4f64aa6183f file_b.txt",
    "filename": "file_b.txt"
  },
  {
    "sha": "e6d34e8fb494fe2b576d16037c61ba9d10722ba3",
    "range": {
      "start": 0,
      "end": 3
    },
    "original_line_number": 1,
    "author": "Thorsten Ball",
    "author_mail": "<mrnugget@gmail.com>",
    "author_time": 1709299737,
    "author_tz": "+0100",
    "committer": "Thorsten Ball",
    "committer_mail": "<mrnugget@gmail.com>",
    "committer_time": 1709299737,
    "committer_tz": "+0100",
    "summary": "Initial",
    "previous": null,
    "filename": "file_b.txt"
  },
  {
    "sha": "e6d34e8fb494fe2b576d16037c61ba9d10722ba3",
    "range": {
      "start": 12,
      "end": 14
    },
    "original_line_number": 9,
    "author": "Thorsten Ball",
    "author_mail": "<mrnugget@gmail.com>",
    "author_time": 1709299737,
    "author_tz": "+0100",
    "committer": "Thorsten Ball",
    "committer_mail": "<mrnugget@gmail.com>",
    "committer_time": 1709299737,
    "committer_tz": "+0100",
    "summary": "Initial",
    "previous": null,
    "filename": "file_b.txt"
  },
  {
    "sha": "e6d34e8fb494fe2b576d16037c61ba9d10722ba3",
    "range": {
      "start": 18,
      "end": 19
    },
    "original_line_number": 13,
    "author": "Thorsten Ball",
    "author_mail": "<mrnugget@gmail.com>",
    "author_time": 1709299737,
    "author_tz": "+0100",
    "committer": "Thorsten Ball",
    "committer_mail": "<mrnugget@gmail.com>",
    "committer_time": 1709299737,
    "committer_tz": "+0100",
    "summary": "Initial",
    "previous": null,
    "filename": "file_b.txt"
  }
]
