[
  {
    "sha": "c8d34ae30c87e59aaa5eb65f6c64d6206f525d7c",
    "range": {
      "start": 5,
      "end": 6
    },
    "original_line_number": 7,
    "author": "Thorsten Ball",
    "author_mail": "<mrnugget@example.com>",
    "author_time": 1709808710,
    "author_tz": "+0100",
    "committer": "Thorsten Ball",
    "committer_mail": "<mrnugget@example.com>",
    "committer_time": 1709808710,
    "committer_tz": "+0100",
    "summary": "Make a commit",
    "previous": "6ad46b5257ba16d12c5ca9f0d4900320959df7f4 index.js",
    "filename": "index.js"
  },
  {
    "sha": "6ad46b5257ba16d12c5ca9f0d4900320959df7f4",
    "range": {
      "start": 1,
      "end": 2
    },
    "original_line_number": 2,
    "author": "Joe Schmoe",
    "author_mail": "<joe.schmoe@example.com>",
    "author_time": 1709741400,
    "author_tz": "+0100",
    "committer": "Joe Schmoe",
    "committer_mail": "<joe.schmoe@example.com>",
    "committer_time": 1709741400,
    "committer_tz": "+0100",
    "summary": "Joe's cool commit",
    "previous": "486c2409237a2c627230589e567024a96751d475 index.js",
    "filename": "index.js"
  },
  {
    "sha": "6ad46b5257ba16d12c5ca9f0d4900320959df7f4",
    "range": {
      "start": 3,
      "end": 4
    },
    "original_line_number": 3,
    "author": "Joe Schmoe",
    "author_mail": "<joe.schmoe@example.com>",
    "author_time": 1709741400,
    "author_tz": "+0100",
    "committer": "Joe Schmoe",
    "committer_mail": "<joe.schmoe@example.com>",
    "committer_time": 1709741400,
    "committer_tz": "+0100",
    "summary": "Joe's cool commit",
    "previous": "486c2409237a2c627230589e567024a96751d475 index.js",
    "filename": "index.js"
  },
  {
    "sha": "6ad46b5257ba16d12c5ca9f0d4900320959df7f4",
    "range": {
      "start": 8,
      "end": 9
    },
    "original_line_number": 13,
    "author": "Joe Schmoe",
    "author_mail": "<joe.schmoe@example.com>",
    "author_time": 1709741400,
    "author_tz": "+0100",
    "committer": "Joe Schmoe",
    "committer_mail": "<joe.schmoe@example.com>",
    "committer_time": 1709741400,
    "committer_tz": "+0100",
    "summary": "Joe's cool commit",
    "previous": "486c2409237a2c627230589e567024a96751d475 index.js",
    "filename": "index.js"
  },
  {
    "sha": "486c2409237a2c627230589e567024a96751d475",
    "range": {
      "start": 0,
      "end": 1
    },
    "original_line_number": 3,
    "author": "Thorsten Ball",
    "author_mail": "<mrnugget@example.com>",
    "author_time": 1709129122,
    "author_tz": "+0100",
    "committer": "Thorsten Ball",
    "committer_mail": "<mrnugget@example.com>",
    "committer_time": 1709129122,
    "committer_tz": "+0100",
    "summary": "Get to a state where eslint would change code and imports",
    "previous": "504065e448b467e79920040f22153e9d2ea0fd6e index.js",
    "filename": "index.js"
  },
  {
    "sha": "504065e448b467e79920040f22153e9d2ea0fd6e",
    "range": {
      "start": 4,
      "end": 5
    },
    "original_line_number": 3,
    "author": "Thorsten Ball",
    "author_mail": "<mrnugget@example.com>",
    "author_time": 1709128963,
    "author_tz": "+0100",
    "committer": "Thorsten Ball",
    "committer_mail": "<mrnugget@example.com>",
    "committer_time": 1709128963,
    "committer_tz": "+0100",
    "summary": "Add some stuff",
    "previous": null,
    "filename": "index.js"
  },
  {
    "sha": "504065e448b467e79920040f22153e9d2ea0fd6e",
    "range": {
      "start": 9,
      "end": 10
    },
    "original_line_number": 21,
    "author": "Thorsten Ball",
    "author_mail": "<mrnugget@example.com>",
    "author_time": 1709128963,
    "author_tz": "+0100",
    "committer": "Thorsten Ball",
    "committer_mail": "<mrnugget@example.com>",
    "committer_time": 1709128963,
    "committer_tz": "+0100",
    "summary": "Add some stuff",
    "previous": null,
    "filename": "index.js"
  }
]